[milestone 45] stage 1/2: Implementer (RESEARCH_CODE_TOOLS, timeout=1800s)...
Response: → Bash(spikeling-os" && find . -maxdepth 2 -name "*.md" -o -maxdept)
Response: → Glob(elf.rs)
Response: → Glob(loader.rs)
Response: → Bash(*.rs)
Response: → Bash(spikeling-os" && grep -n "^## " README.md | tail -40)
Response: → Bash(spikeling-os" && grep -n "^### " README.md | tail -30)
Response: → Bash(*Milestone" README.md | tail -30)
Response: → Read(README.md)
Response: → Bash(spikeling-os" && grep -n "Milestone 4[0-5]" README.md)
Response: → Read(README.md)
Response: → Bash(|Milestone 45" README.md; echo "---"; git log --oneline -10;)
Response: → Bash(*Milestone" README.md | tail -10)
Response: → Bash(null; echo "---"; git status --short)
Response: → Read(m45_pipeline_stdout.log)
Response: → Bash(process.rs | head -60)
Response: → Read(process.rs)
Response: → Bash(|=>" | head -80)
Response: → Grep(src)
Response: → Grep(src)
Response: → Read(usertest.rs)
Response: → Read(usertest.rs)
Response: → Bash(spikeling-os" && git show a604426 --stat | tail -20; echo "-)
Response: → Read(loader.rs)
Response: → Bash(process.rs | head -100)
Response: → Read(process.rs)
Response: → Read(process.rs)
Response: → Read(process.rs)
Response: → Read(process.rs)
