[milestone 47] stage 1/2: Implementer (RESEARCH_CODE_TOOLS, timeout=2400s)...
Response: → Read(network.rs)
Response: → Read(nic.rs)
Response: → Bash(grep -n "Status" README.md | head -50)
Response: → Bash( && ls)
Response: → Read(README.md)
Response: → Bash(null; find . -iname "*.rs" -path "*src*" | xargs -I{} echo {)
Response: → Bash(null | tail -30)
Response: → Read(README.md)
Response: → Bash(main.rs)
Response: → Read(main.rs)
Response: → Grep(shell.rs)
Response: → Read(shell.rs)
Response: → Grep(src)
Response: → Grep(fs.rs)
Response: → Edit(nic.rs)
Response: → Edit(nic.rs)
Response: → Edit(nic.rs)
Response: → Read(nic.rs)
Response: → Read(nic.rs)
Response: → Edit(nic.rs)
Response: → Edit(nic.rs)
Response: → Edit(main.rs)
Response: → Edit(shell.rs)
Response: → Edit(shell.rs)
Response: → Edit(main.rs)
Response: → Bash(spikeling-os-wt-m47" && cargo build 2>&1 | tail -150)
Response: → Bash(boot1.log")
Response: → Bash(boot1.log" | head -60)
Response: → Bash(boot1.log" | head -20)
Response: → Edit(nic.rs)
Response: → Edit(nic.rs)
Response: → Grep(nic.rs)
Response: → Read(nic.rs)
Response: → Edit(nic.rs)
Response: → Edit(nic.rs)
Response: → Bash(spikeling-os-wt-m47" && cargo build 2>&1 | tail -60)
Response: → Bash(boot2.log")
Response: → Bash(boot3.log"
ls -la "$SPIKELING_QEMU_PCAP")
Response: → Bash(boot3.log" | strings | tail -30)
Response: → Bash(boot3.log")
Response: → Bash(boot4.log"
ls -la "$SPIKELING_QEMU_PCAP")
Response: → Bash(npacket {pktnum}: incl_len={incl_len} orig_len={orig_len} ds)
Response: → Bash(null | grep -v target | head -30)
Response: → Bash(boot5.log")
Response: → Bash(boot5.log")
Response: → Bash(boot5.log")
Response: → Bash(boot5.log")
Response: → Bash(boot5.log")
Response: → Bash(boot5.log")
Response: → Bash(boot5.log")
Response: → Bash(boot2.log")
Response: → Bash(boot6.log")
Response: → Bash(null)
Response: → Bash(spikeling-os-wt-m47" && git status --short)
[milestone 47] Implementer summary: You've hit your session limit · resets 3:40am (America/Los_Angeles)

[milestone 47] stage 2/2: Reviewer (RESEARCH_REVIEW_TOOLS, timeout=2400s)...
[milestone 47] Reviewer summary: You've hit your session limit · resets 3:40am (America/Los_Angeles)

[milestone 47] done. Read C:\Users\gbran\OneDrive\Documents\spikeling-os-wt-m47\milestones\m47_implement.md and C:\Users\gbran\OneDrive\Documents\spikeling-os-wt-m47\milestones\m47_review.md before trusting/committing.
