[milestone 48] stage 1/2: Implementer (RESEARCH_CODE_TOOLS, timeout=2400s)...
Response: → Read(ternary.rs)
Response: → Bash(spikeling-os-wt-m48" && grep -n "^## Status" -A 5 README.md )
Response: → Bash(spikeling-os-wt-m48" && grep -n "Milestone 4[0-9]" README.md)
Response: → Bash( | tail -30)
Response: → Bash(spikeling-os-wt-m48" && sed -n '1435,1700p' README.md)
Response: → Bash(spikeling-os-wt-m48" && ls milestones 2>&1 | tail -40; echo )
Response: → Bash(|Milestone 44" README.md)
Response: → Bash(|ELF entry" README.md | head -20)
Response: → Bash(spikeling-os-wt-m48" && git log --oneline -10; echo ---; git)
Response: → Bash(*.rs | head -20)
Response: → Bash(spikeling-os-wt-m48" && sed -n '1381,1436p' README.md)
Response: → Grep(src)
Response: → Grep(src)
Response: → Glob(*.rs)
Response: → Read(scheduler.rs)
Response: → Grep(process.rs)
Response: → Grep(process.rs)
Response: → Read(tasks.rs)
Response: → Bash(process.rs)
Response: → Grep(main.rs)
Response: → Read(process.rs)
Response: → Read
Response: → Read(main.rs)
Response: → Bash(main.rs | head -20)
Response: → Bash(main.rs | head -40)
Response: → Bash(spikeling-os-wt-m48" && cargo build 2>&1 | tail -40)
Response: → Edit(ternary.rs)
Response: → Read(ternary.rs)
Response: → Edit(ternary.rs)
Response: → Edit(scheduler.rs)
Response: → Edit(scheduler.rs)
Response: → Edit(scheduler.rs)
Response: → Edit(scheduler.rs)
Response: → Edit(scheduler.rs)
Response: → Edit(main.rs)
Response: → Bash(spikeling-os-wt-m48" && cargo build 2>&1 | tail -80)
Response: → Bash(m48_boot.log" 2>&1; echo "EXIT:$?")
Response: → Bash(m48_boot.log")
Response: → Bash(m48_boot.log")
Response: → Bash(m48_boot.log" | head -40)
Response: → Bash(scheduler.rs)
Response: → Bash(spikeling-os-wt-m48" && cargo build 2>&1 | tail -10)
Response: → Bash(m48_boot_eps02.log")
Response: → Bash(scheduler.rs && cargo build 2>&1 | tail -5)
Response: → Bash(m48_boot_final.log" 2>&1; echo done)
Response: → Bash(b" "$F")
Response: → Bash(|Double Fault" "$F"; echo ---; grep -a -c "milestone" "$F")
Response: → Bash(spikeling-os-wt-m48" && git diff --stat)
Response: → Bash(spikeling-os-wt-m48" && ls milestones)
Response: → Write(m48_implement.md)
Response: → Bash(scheduler.rs && git status --porcelain)
[milestone 48] Implementer summary: Final state confirmed: `TIE_EPSILON` is back at the real, justified `0.01`, and only the three intended kernel source files plus the new milestone report are changed — nothing committed, per instructions. I wired `ternary.rs`'s new `compare_trit()` function into `scheduler.rs`'s real winner-selection logic, the exact code path the kernel's live timer-driven scheduler uses every tick, replacing a plain binary float comparison with a genuine three-way (greater/less/tied) decision plus a fairness-based tiebreak. I built and booted the kernel in QEMU twice with real captured serial logs: at the scheduler's actual operating scale (epsilon=0.01, matching real tasks.rs coupling), the ternary tiebreak fired on only 2 of 4000 real ticks and produced fire-count fairness numerically identical to the old binary path — a genuine, honestly-reported neutral result. I also ran a diagnostic boot with an artificially widened epsilon to confirm the mechanism isn't a silent no-op (it measurably improved fairness from 0.749 to 0.998 there), then reverted to the real justified value before finishing. Full technical account, with verbatim boot-log excerpts and the scope-cut reasoning, is in `milestones/m48_implement.md`; changes touch `kernel/src/ternary.rs`, `kernel/src/scheduler.rs`, and `kernel/src/main.rs`, nothing committed.

[milestone 48] stage 2/2: Reviewer (RESEARCH_REVIEW_TOOLS, timeout=2400s)...
Response: → Read(m48_implement.md)
Response: → Read(ternary.rs)
Response: → Read(scheduler.rs)
Response: → Bash(spikeling-os-wt-m48" && git log --oneline -5 && git status)
Response: → Grep(src)
Response: → Grep(main.rs)
Response: → Read(main.rs)
Response: → Bash(spikeling-os-wt-m48" && git diff --stat)
Response: → Bash(kernel" && cargo build 2>&1 | tail -40)
Response: → Bash(spikeling-os-wt-m48" && ls -la && echo "---kernel---" && ls )
Response: → Bash(spikeling-os-wt-m48" && cargo build 2>&1 | tail -40)
Response: → Bash(spikeling-os-wt-m48" && rm -f m48_review_boot1.log && timeou)
Response: → Bash(|double fault" m48_review_boot1.log)
Response: → Bash(|double fault" m48_review_boot1.log)
Response: → Bash(|kernel panic" m48_review_boot1.log; echo "---bare FAIL chec)
Response: → Bash(spikeling-os-wt-m48" && rm -f m48_review_boot2.log && timeou)
Response: → Bash(spikeling-os-wt-m48" && diff -a m48_review_boot1.log m48_rev)
Response: → Bash(spikeling-os-wt-m48" && grep -a -n "milestone 48:" m48_revie)
Response: → Grep(README.md)
Response: → Grep(src)
Response: → Bash(|Milestone 4[0-9]" README.md | tail -30)
Response: → Bash(*Milestone" README.md | tail -10)
Response: → Bash(spikeling-os-wt-m48" && head -25 m48_review_boot1.log | grep)
Response: → Bash(spikeling-os-wt-m48" && grep -a -c "milestone" m48_review_bo)
Response: → Write(m48_review.md)
Response: → Bash(m48_review.md") lines")
Response: → PowerShell(m48_review.md" | Measure-Object -Line).Lines)
Response: → Bash(test.txt)
Response: → Bash(ternary.rs:178-187:
EOF
echo "chunk1 done, lines: $(wc -l < )
Response: → Bash(process.rs:573:5
warning: `kernel` (bin "kernel") generated )
Response: → Bash(serial
output -- including the Milestone 48 numbers -- is by)
Response: → Bash(neutral results
plainly.
EOF
echo "final lines: $(wc -l < m4)
[milestone 48] Reviewer summary: You've hit your session limit · resets 3:40am (America/Los_Angeles)

[milestone 48] done. Read C:\Users\gbran\OneDrive\Documents\spikeling-os-wt-m48\milestones\m48_implement.md and C:\Users\gbran\OneDrive\Documents\spikeling-os-wt-m48\milestones\m48_review.md before trusting/committing.
