[milestone 50] stage 1/2: Implementer (RESEARCH_CODE_TOOLS, timeout=2400s)...
Response: → Bash(git log --oneline -20 && echo --- && git status)
Response: → Bash(|Milestone" README.md | tail -100)
Response: → Read(README.md)
Response: → Read(README.md)
Response: → Grep(spikeling-os-wt-m50)
Response: → Bash( | sort)
Response: → Read(process.rs)
Response: → Read(loader.rs)
Response: → Bash(elf.rs)
Response: → Bash(pwd && ls)
Response: → Read(elf.rs)
Response: → Bash(process.rs | head -60)
Response: → Bash(*.rs | head -60)
Response: → Read(loader.rs)
Response: → Bash(testelf_altentry_src" -type f)
Response: → Bash(null; echo ---; find . -maxdepth 1 -iname "milestones" )
Response: → Bash(null; git log --all --oneline | head -30; echo ---branches--)
Response: → Bash(testelf_altentry.rs)
Response: → Read(process.rs)
Response: → Read(process.rs)
Response: → Read(loader.rs)
Response: → Bash
Response: → Bash(interrupts.rs | head -40)
Response: → Bash(usertest.rs | head -20)
Response: → Read(usertest.rs)
Response: → Bash(process.rs | head -40)
Response: → Bash(memory.rs | head)
Response: → Bash(main.rs)
Response: → Read(main.rs)
Response: → Read(main.rs)
Response: → Bash(process.rs | head -40)
Response: → Read
Response: → Read(interrupts.rs)
Response: → Bash(usertest.rs | head -60)
Response: → Bash(process.rs | head -90)
Response: → Read(process.rs)
Response: → Bash(usertest.rs | head -20)
Response: → Read(process.rs)
Response: → Edit(process.rs)
Response: → Read(usertest.rs)
Response: → Edit(usertest.rs)
Response: → Bash(process.rs | head)
Response: → Read(process.rs)
Response: → Edit(process.rs)
Response: → Bash(memory.rs | head)
Response: → Edit(loader.rs)
Response: → Bash(loader.rs)
Response: → Edit(loader.rs)
Response: → Edit(loader.rs)
Response: → Edit(main.rs)
Response: → Bash(spikeling-os-wt-m50 && cargo build 2>&1 | tail -150)
Response: → Bash(cargo build 2>&1 | tail -60)
Response: → Bash(m50_boot_raw.log 2>&1; echo "exit=$?")
Response: → Bash(m50_boot_raw.log)
Response: → Bash(main.rs | head -60)
Response: → Bash(m50_boot_raw.log | xxd | head -30)
Response: → Bash(m50_boot_raw.log)
Response: → Bash(testelf_altentry.elf | head -5)
Response: → Bash(tools -maxdepth 2)
[milestone 50] Implementer summary: You've hit your session limit · resets 3:40am (America/Los_Angeles)

[milestone 50] stage 2/2: Reviewer (RESEARCH_REVIEW_TOOLS, timeout=2400s)...
[milestone 50] Reviewer summary: You've hit your session limit · resets 3:40am (America/Los_Angeles)

[milestone 50] done. Read C:\Users\gbran\OneDrive\Documents\spikeling-os-wt-m50\milestones\m50_implement.md and C:\Users\gbran\OneDrive\Documents\spikeling-os-wt-m50\milestones\m50_review.md before trusting/committing.
