[milestone 51] stage 1/2: Implementer (RESEARCH_CODE_TOOLS, timeout=2400s)...
Response: → Read(README.md)
Response: → Read(README.md)
Response: → Bash(milestones" | sort)
Response: → Glob(spikeling-os-wt-m51)
Response: → Bash(spikeling-os-wt-m51" && git log --oneline -10 && echo --- &&)
Response: → Grep(README.md)
Response: → Bash(spikeling-os-wt-m51" && git status && echo --- && git branch)
Response: → Bash($d"
  if [ -d "$p" ]; then
    echo "=== $d ==="
    git -C )
Response: → Bash(null
  fi
done)
Response: → Grep(spikeling-os-wt-m51)
Response: → Read(README.md)
Response: → Read(libc.rs)
Response: → Grep(README.md)
Response: → Bash(libc.rs | cat)
Response: → Grep(process.rs)
Response: → Read(process.rs)
Response: → Read(process.rs)
Response: → Bash(spikeling-os-wt-m51" && git show --stat 5796238 | head -20)
Response: → Read(main.rs)
Response: → Grep(process.rs)
Response: → Grep(src)
Response: → Bash(" 2>&1)
Response: → Read(main.rs)
Response: → Bash(rust-toolchain.toml" 2>&1)
Response: → Bash(spikeling-os-wt-m51" && rustc --version && rustup target lis)
Response: → Read(process.rs)
Response: → Read(loader.rs)
Response: → Read(process.rs)
Response: → Bash(")
Response: → Bash("*.rs 2>&1 | head -60)
Response: → Grep(src)
Response: → Read(loader.rs)
Response: → Read(process.rs)
Response: → Edit(libc.rs)
Response: → Edit(libc.rs)
Response: → Bash(")
Response: → Write(main.rs)
Response: → Read(README.md)
Response: → Bash(malloctest.elf 2>&1)
Response: → Bash(malloctest.elf 2>&1 | head -20)
Response: → Bash(malloctest.elf 2>&1)
Response: → Write(README.md)
Response: → Read(loader.rs)
Response: → Grep(loader.rs)
Response: → Edit(loader.rs)
Response: → Read(loader.rs)
Response: → Read(loader.rs)
Response: → Edit(loader.rs)
Response: → Read(shell.rs)
Response: → Edit(shell.rs)
Response: → Edit(shell.rs)
Response: → Edit(main.rs)
Response: → Bash(spikeling-os-wt-m51" && cargo build 2>&1 | tail -100)
[milestone 51] Implementer summary: You've hit your session limit · resets 3:40am (America/Los_Angeles)

[milestone 51] stage 2/2: Reviewer (RESEARCH_REVIEW_TOOLS, timeout=2400s)...
[milestone 51] Reviewer summary: You've hit your session limit · resets 3:40am (America/Los_Angeles)

[milestone 51] done. Read C:\Users\gbran\OneDrive\Documents\spikeling-os-wt-m51\milestones\m51_implement.md and C:\Users\gbran\OneDrive\Documents\spikeling-os-wt-m51\milestones\m51_review.md before trusting/committing.
