[milestone 52] stage 1/2: Implementer (RESEARCH_CODE_TOOLS, timeout=2400s)...
Response: → Bash(spikeling-os-wt-m52" && grep -n "^## Status" -A 5 README.md )
Response: → Bash(spikeling-os-wt-m52" && wc -l README.md && grep -n "^## " RE)
Response: → Read(README.md)
Response: → Grep(spikeling-os-wt-m52)
Response: → Bash(spikeling-os-wt-m52" && git log --oneline -15 && echo --- &&)
Response: → Bash(spikeling-os-wt-m52" && git branch -a && echo --- && git wor)
Response: → Bash(null | grep -v target | grep -v .git)
Response: → Bash(null; done)
Response: → Bash(main.rs)
Response: → ToolSearch
Response: → Grep(process.rs)
Response: → Read(process.rs)
Response: → Bash( --include=*.rs)
Response: → Read(loader.rs)
Response: → Grep(main.rs)
Response: → Read(main.rs)
Response: → Read(process.rs)
Response: → Bash(process.rs)
Response: → Read(process.rs)
Response: → Read(testelf_altentry.rs)
Response: → Grep(usertest.rs)
Response: → Read(usertest.rs)
Response: → Grep(memory.rs)
Response: → Read(loader.rs)
Response: → Bash(process.rs)
Response: → Read(process.rs)
Response: → Grep(interrupts.rs)
Response: → Grep(usertest.rs)
Response: → Read(usertest.rs)
Response: → Read(process.rs)
Response: → Read(loader.rs)
Response: → Bash(loader.rs)
Response: → Edit(loader.rs)
Response: → Edit(main.rs)
Response: → Bash(spikeling-os-wt-m52" && cargo build 2>&1 | tail -100)
Response: → Bash(spikeling-os-wt-m52" && cargo build 2>&1 | tail -20)
Response: → Bash(|-serial" README.md | head -30)
Response: → Bash(null | head -30; echo ---; find . -maxdepth 1 -iname "*.rs" )
Response: → Read(main.rs)
Response: → Bash(spikeling-os-wt-m52" && which timeout qemu-system-x86_64 2>&)
Response: → Bash(m52_boot.log 2>&1; echo "exit code: $?")
Response: → Bash(m52_boot.log)
Response: → Bash(m52_boot.log)
Response: → Bash(testelf.elf)
Response: → Bash(testelf_altentry.elf)
Response: → Bash(linker.ld)
Response: → Bash(testelf_altentry.elf 2>&1)
Response: → Bash(printf 'hello from a non-USER_CODE_ADDR entry point -- miles)
Response: → Edit(testelf_altentry.rs)
Response: → Bash(testelf_altentry.elf)
Response: → Bash(testelf_altentry.elf 2>&1)
Response: → Bash(|entry")
Response: → Bash(elf.rs | head -30)
Response: → Bash(linker.ld)
Response: → Bash(testelf_rebuild.elf | grep -i type)
Response: → Bash(|entry")
Response: → Bash(testelf_altentry.elf)
Response: → Read(README.md)
Response: → Edit(README.md)
Response: → Bash(null)
Response: → Bash(spikeling-os-wt-m52" && cargo build 2>&1 | tail -20)
Response: → Bash(m52_boot.log)
Response: → Bash(m52_boot.log)
Response: → Bash(m52_boot.log)
Response: → Bash(m52_boot.log)
Response: → Bash(m52_boot_run2.log)
[milestone 52] Implementer summary: You've hit your session limit · resets 3:40am (America/Los_Angeles)

[milestone 52] stage 2/2: Reviewer (RESEARCH_REVIEW_TOOLS, timeout=2400s)...
[milestone 52] Reviewer summary: You've hit your session limit · resets 3:40am (America/Los_Angeles)

[milestone 52] done. Read C:\Users\gbran\OneDrive\Documents\spikeling-os-wt-m52\milestones\m52_implement.md and C:\Users\gbran\OneDrive\Documents\spikeling-os-wt-m52\milestones\m52_review.md before trusting/committing.
