[milestone 53] stage 1/2: Implementer (RESEARCH_CODE_TOOLS, timeout=2400s)...
Response: → Bash(spikeling-os-wt-m53" && ls && echo "---" && git log --onelin)
Response: → Bash(|Milestone 5[0-9]" README.md | tail -100)
Response: → Read(README.md)
Response: → Bash( && echo --- && git log --all --oneline | head -30 && echo -)
Response: → Bash(|USER_CODE_ADDR" README.md)
Response: → Bash(spikeling-os-wt-m53" && git show a604426 -- README.md | head)
Response: → Bash(spikeling-os-wt-m53" && git worktree list && echo --- && git)
Response: → Bash(null | grep -v target)
Response: → Bash(null | head -30)
Response: → Bash(MEMORY.md" | head -60)
Response: → Read(MEMORY.md)
Response: → Bash(*.rs)
Response: → Grep(process.rs)
Response: → Bash
Response: → Read(loader.rs)
Response: → Grep(process.rs)
Response: → Grep(interrupts.rs)
Response: → Read(interrupts.rs)
Response: → Grep(usertest.rs)
Response: → ToolSearch
Response: → Read(usertest.rs)
Response: → Grep(process.rs)
Response: → Grep(usertest.rs)
Response: → Read(usertest.rs)
Response: → Read(process.rs)
Response: → Grep(src)
Response: → Read(process.rs)
Response: → Read(interrupts.rs)
Response: → Read(usertest.rs)
Response: → Read(process.rs)
Response: → Read(process.rs)
Response: → Grep(process.rs)
Response: → Read(process.rs)
Response: → Read(process.rs)
Response: → Read(process.rs)
Response: → Bash(main.rs)
Response: → Read(main.rs)
Response: → Read(main.rs)
Response: → Read
Response: → Read(usertest.rs)
Response: → Edit(usertest.rs)
Response: → Edit(usertest.rs)
Response: → Edit(process.rs)
Response: → Edit(process.rs)
Response: → Edit(process.rs)
Response: → Edit(process.rs)
Response: → Edit(process.rs)
Response: → Bash(process.rs)
Response: → Read(process.rs)
Response: → Edit(process.rs)
Response: → Read(process.rs)
Response: → Edit(process.rs)
Response: → Bash(process.rs)
Response: → Read(process.rs)
Response: → Read(process.rs)
Response: → Grep(src)
Response: → Read(usertest.rs)
Response: → Edit(usertest.rs)
Response: → Read(process.rs)
Response: → Edit(process.rs)
Response: → Edit(process.rs)
Response: → Bash(process.rs)
Response: → Read(process.rs)
Response: → Edit(process.rs)
Response: → Bash(process.rs)
Response: → Edit(main.rs)
Response: → Edit(main.rs)
Response: → Bash(Cargo.toml 2>&1 | tail -150)
Response: → Bash(null; echo ---; cat Cargo.toml)
Response: → Bash(null; cat rust-toolchain.toml)
Response: → Bash(spikeling-os-wt-m53" && cargo build 2>&1 | tail -200)
Response: → Bash(sleep 90 && echo done)
Response: → Read(README.md)
Response: → ScheduleWakeup
Response: → Bash(true)
Response: → Bash(bzw8y3odg.output")
Response: → Bash(main.rs | head -60)
Response: → Read(main.rs)
Response: → Bash(which timeout qemu-system-x86_64 2>&1)
Response: → Bash(m53_boot.log" && timeout 35 cargo run -- bios > "$LOG" 2>&1;)
[milestone 53] Implementer summary: You've hit your session limit · resets 3:40am (America/Los_Angeles)

[milestone 53] stage 2/2: Reviewer (RESEARCH_REVIEW_TOOLS, timeout=2400s)...
[milestone 53] Reviewer summary: You've hit your session limit · resets 3:40am (America/Los_Angeles)

[milestone 53] done. Read C:\Users\gbran\OneDrive\Documents\spikeling-os-wt-m53\milestones\m53_implement.md and C:\Users\gbran\OneDrive\Documents\spikeling-os-wt-m53\milestones\m53_review.md before trusting/committing.
